 tests/rsrc/test_tree   5 : 4
   S   2 : 4
      d   2 : 8
      b   2 : 12
      a   2 : 8
      c   2 : 16