 tests/rsrc/test_tree
   S
      d
      b
      a
      c
